--------------------------------
          SYMBOL TABLE
--------------------------------
NUMBER OF SYMBOLS : 4 
--------------------------------

ID : a	;; TYPE : INTEGER	;; LOCATION : R1 
ID : b	;; TYPE : INTEGER	;; LOCATION : R2 
ID : c	;; TYPE : INTEGER	;; LOCATION : R3 
ID : result	;; TYPE : INTEGER	;; LOCATION : R4 
