

*************************
REGISTER ALLOCATION INFOS
*************************
AVAILABLE REGISTERS : 31 
USED VARIABLES : 6 
-------------------------
LIVE_INTERVALS:
	LIVE_INTERVAL of T1 : [0, 18] 
	LIVE_INTERVAL of T2 : [2, 12] 
	LIVE_INTERVAL of T3 : [5, 6] 
	LIVE_INTERVAL of T4 : [9, 10] 
	LIVE_INTERVAL of T5 : [11, 14] 
-------------------------
BINDINGS : 
VAR T0 will be assigned to register R0 
VAR T1 will be assigned to register R1 
VAR T2 will be assigned to register R2 
VAR T3 will be assigned to register R3 
VAR T4 will be assigned to register R3 
VAR T5 will be assigned to register R3 
VAR T6 will be assigned to register R0 
*************************

