--------------------------------
          SYMBOL TABLE
--------------------------------
NUMBER OF SYMBOLS : 4 
--------------------------------

ID : b	;; TYPE : INTEGER	;; LOCATION : R1 
ID : d	;; TYPE : INTEGER	;; LOCATION : R2 
ID : a	;; TYPE : INTEGER	;; LOCATION : [UNSPECIFIED] 
ID : c	;; TYPE : INTEGER	;; LOCATION : R3 
